03-16 17:26:03.902  1433  1461 D SettingsProvider: selectionArgs: 10003
03-16 17:26:03.902  1433  1582 V SamsungAlarmManager: Sending to uid : 10225 nowELAPSED=3515797, action=com.google.firebase.INSTANCE_ID_EVENT alarm=Alarm{d4bb1f1 type 3 when 3489574 com.kakao.talk} allowWhileIdle=false
03-16 17:26:03.902  1433  1461 D SecContentProvider: query(), uri = 17 selection = isSettingsChangesAllowed
03-16 17:26:03.903  1433  1582 V SamsungAlarmManager: Sending to uid : 10030 nowELAPSED=3515797, action=com.google.android.location.reporting.service.action.ULR_BAROMETER_READ_ALARM alarm=Alarm{d750c57 type 1 when 1521246350205 com.google.android.gms} allowWhileIdle=false
03-16 17:26:03.903  1433  1461 D SecContentProvider: called from android.uid.systemui:10003
03-16 17:26:03.903  1433  1461 D SettingsProvider: ret = -1
03-16 17:26:03.906  1433  1640 V MdnieScenarioControlService: Calling MdnieManager API(setContentMode(0))
03-16 17:26:03.906  1433  1640 D SemDisplaySolutionManagerService: uid : 1000 , pid : 1433 , name : hdr_effect_off
03-16 17:26:03.906  1433  1640 D SemDisplaySolutionManagerService: where : application what : DEFAULT setScreenBrightnessScaleFactor(-1.0)
03-16 17:26:03.906  1433  1640 D PowerManagerService: [api] setScreenBrightnessScaleFactor: scaleFactor: -1.0 (uid: 1000 pid: 1433)
03-16 17:26:03.906  1433  1640 D SemDisplaySolutionManagerService: setMultipleScreenBrightness , application, DEFAULT, -1.0
03-16 17:26:03.906  1433  1640 V MdnieScenarioControlService: Calling SemDisplaySolutionManager API(setMultipleScreenBrightness(0)
03-16 17:26:03.908  1433  1582 V SamsungAlarmManager: Sending to uid : 10030 nowELAPSED=3515797, action=null alarm=Alarm{dbdffb0 type 3 when 3506453 com.google.android.gms} allowWhileIdle=false
03-16 17:26:03.909  1433  1582 V SamsungAlarmManager: Sending to uid : 10091 nowELAPSED=3515797, action=com.samsung.action.EVERY_MINUTE_CLOCK_UPDATE alarm=Alarm{ffb66dc type 1 when 1521246360000 com.sec.android.app.launcher} allowWhileIdle=false
03-16 17:26:03.912  1433  1461 D StorageManagerService: getExternalStorageMountMode : 1
03-16 17:26:03.912  1433  1461 D StorageManagerService: getExternalStorageMountMode : 3
03-16 17:26:03.912  1433  1461 D StorageManagerService: getExternalStorageMountMode : final mountMode=1, uid : 1000, packageName : com.samsung.android.lool
03-16 17:26:03.912  1433  1461 D ActivityManager: package  com.samsung.android.lool, user - 0 is SDcard whitelisted
03-16 17:26:03.913  1433  1497 D ViewRootImpl@18a03e5[bp]: ThreadedRenderer.create() translucent=true
03-16 17:26:03.913  1433  1497 E PhoneWindow_APM : : sendNotificationForAppPermissionMonitor callingPid = 1433, uid = 1000
03-16 17:26:03.913  1433  1497 E PhoneWindow_APM : : sendNotificationForAppPermissionMonitor 2
03-16 17:26:03.913  1433  1497 E PhoneWindow_APM : : sendNotificationForAppPermissionMonitor 21000_1433
03-16 17:26:03.913  1433  1497 E PhoneWindow_APM : : isCalledPackage return false
03-16 17:26:03.913  1433  1497 E PhoneWindow_APM : : sendNotificationForAppPermissionMonitor mIsMonitoredFeature = true
03-16 17:26:03.914  1433  1503 V MARsPolicyManager: handelAlertToastWindowStarted pkgName = android, userId = 0
03-16 17:26:03.915  1433  1497 D InputDispatcher: Focus left window: Window{d51a0f7 u0 org.sagebionetworks.research.bp/org.sagebionetworks.research.bp.BpMainActivity}
03-16 17:26:03.916  1433  1497 D InputDispatcher: Focus entered window: Window{cb9716b u0 Application Error: org.sagebionetworks.research.bp}
03-16 17:26:03.916  1433  1497 V WindowManager: rotationForOrientationLw(orient=-1, last=0); user=0  sensorRotation=-1 mLidState=-1 mDockMode=0 mHdmiPlugged=false
03-16 17:26:03.916  1433  1497 D ViewRootImpl@18a03e5[bp]: setView = DecorView@f4614c8[bp] TM=true MM=false
03-16 17:26:03.920 31062 31062 E Zygote  : isWhitelistProcess - Process is Whitelisted
03-16 17:26:03.921  1433  1461 I ActivityManager: Start proc 31062:com.samsung.android.sm.provider/1000 for content provider com.samsung.android.lool/com.samsung.android.sm.database.SmProvider
03-16 17:26:03.921 31062 31062 E libpersona: scanKnoxPersonas
03-16 17:26:03.921 31062 31062 E libpersona: Couldn't open the File - /data/system/users/0/personalist.xml - No such file or directory
03-16 17:26:03.921   951 13941 V APM_AudioPolicyManager: setAudioPolicyConfig: audioEffectParam;audioHDR=0;packageName=com.sec.android.app.launcher
03-16 17:26:03.922  1433  1433 D SamsungAlarmManager: setExact Intent (T:3/F:1/AC:false) 20180316T172700 (O:3575797/E:3575797/ME:3575797/RI:0) nowELAPSED=3519719 - CU:1000/CP:1433/op:PendingIntent{3366375: PendingIntentRecord{3c64aac android broadcastIntent}}
03-16 17:26:03.922  1433  1433 I SamsungAlarmManager: setLocked to kernel - T:3 / 20180316T172700, SetElapsed=3575797, nowELAPSED=3519719
03-16 17:26:03.922 31062 31062 W SELinux : SELinux selinux_android_compute_policy_index : Policy Index[2],  Con:u:r:zygote:s0 RAM:SEPF_SM-G965U1_8.0.0_0001, [-1 -1 -1 -1 0 1]
03-16 17:26:03.923 31062 31062 I SELinux : SELinux: seapp_context_lookup: seinfo=platform, pkgname=com.samsung.android.sm.provider 
03-16 17:26:03.925  1433  1640 I AudioService: audioEffectParam;audioHDR=0;packageName=com.sec.android.app.launcher
03-16 17:26:03.925  1433  1640 V MdnieScenarioControlService: setUIMode from UI function
03-16 17:26:03.926  1872  1872 D KeyguardUpdateMonitor: received broadcast android.intent.action.TIME_TICK
03-16 17:26:03.926  1872  1872 D KeyguardServiceBoxContainer: refreshTime() 1
03-16 17:26:03.933  1433  4682 D GamePkgDataHelper: getGamePkgDataIncServer(). com.sec.android.app.launcher
03-16 17:26:03.934  2188  2214 D ForegroundUtils: could not check pending caller
03-16 17:26:03.934  2188  2214 D ForegroundUtils: Foreground changed, PID: 3113 UID: 10091 foreground: true
03-16 17:26:03.934  1433  4682 D GameManagerService: identifyGamePackage. com.sec.android.app.launcher
03-16 17:26:03.934  2188  2214 D ForegroundUtils: Foreground UID/PID combinations:
03-16 17:26:03.934  2188  2214 D ForegroundUtils: UID: 10091 PID: 3113
03-16 17:26:03.934  1433  4682 D GamePkgDataHelper: getGamePkgData(). com.sec.android.app.launcher
03-16 17:26:03.934  2188  2214 D ForegroundUtils: UID: 10273 PID: 20800
03-16 17:26:03.934  1433  3084 D TimaKeystoreService: in isTimaKeystoreEnabledInDB
03-16 17:26:03.935  1433  3084 D TimaKeystoreService: isTimaKeystoreEnabledInDB returning - false
03-16 17:26:03.935 31062 31062 D TimaKeyStoreProvider: TimaKeyStore is not enabled: cannot add TimaSignature Service and generateKeyPair Service
03-16 17:26:03.935  1433  1497 D ViewRootImpl@18a03e5[bp]: dispatchAttachedToWindow
03-16 17:26:03.935 31062 31062 D ActivityThread: Added TimaKeyStore provider
03-16 17:26:03.935  1433  1497 V WindowManager: Relayout Window{cb9716b u0 Application Error: org.sagebionetworks.research.bp}: viewVisibility=0 req=1014x509 WM.LayoutParams{(0,0)(wrapxwrap) gr=#11 sim=#120 ty=2003 fl=#1820002 pfl=0x1000110 fmt=-3 wanim=0x10302ec vsysui=0x10 surfaceInsets=Rect(6, 6 - 6, 6) needsMenuKey=2 colorMode=0 naviIconColor=0}
03-16 17:26:03.936  1433  1433 D PowerManagerUtil: fileWriteString to /sys/power/wake_lock, LightsService
03-16 17:26:03.936  1433  1433 D LightsService: [api] onReceive : SvcLEDReceiver re-enables LightSenor and sends MSG_FORCEDSVCLEDTASK
03-16 17:26:03.936  1433  4682 D GameManagerService: identifyGamePackage. com.sec.android.app.launcher
03-16 17:26:03.936  1433  4682 D GamePkgDataHelper: getGamePkgData(). com.sec.android.app.launcher
03-16 17:26:03.938  1433  4682 D GamePkgDataHelper: getSosPolicy(). com.sec.android.app.launcher
03-16 17:26:03.938  1433  4682 D GameManagerService: identifyGamePackage. com.sec.android.app.launcher
03-16 17:26:03.938  1433  4682 D GamePkgDataHelper: getGamePkgData(). com.sec.android.app.launcher
03-16 17:26:03.940  1433  4682 D GameManagerService: identifyGamePackage. com.sec.android.app.launcher
03-16 17:26:03.940  1433  4682 D GamePkgDataHelper: getGamePkgData(). com.sec.android.app.launcher
03-16 17:26:03.941   715   715 I SurfaceFlinger: id=480 createSurf (1026x521),1 flag=4, Application Error: org.sagebionetworks.research.bp#0
03-16 17:26:03.941  1433  3105 I ActivityManager: DSS on for com.samsung.android.lool and scale is 1.0
03-16 17:26:03.942  1433  1497 V Surface : sf_framedrop debug : 0x494d, game : false, logging : 0
03-16 17:26:03.945  1433  1497 D ViewRootImpl@18a03e5[bp]: Relayout returned: old=[0,0][0,0] new=[33,824][1047,1333] result=0x7 surface={valid=true 522730516480} changed=true
03-16 17:26:03.945  1433  1497 D ViewRootImpl@18a03e5[bp]: mThreadedRenderer.initialize() mSurface={isValid=true 522730516480} hwInitialized=true
03-16 17:26:03.946  1433  1497 D WindowManager: set systemUiVisibility : systemUiFlags= 0x8018 fullscreenStackSysUiFlags= 0x0
03-16 17:26:03.947  1433  1497 D ViewRootImpl@18a03e5[bp]: MSG_WINDOW_FOCUS_CHANGED 1
03-16 17:26:03.946  3113  3113 D HomeContainer: setAlpha : 0.0
03-16 17:26:03.948  1433  1497 D ViewRootImpl@18a03e5[bp]: mThreadedRenderer.initializeIfNeeded()#2 mSurface={isValid=true 522730516480}
03-16 17:26:03.951 31077 31077 E propClient: PropClient failed to load
03-16 17:26:03.952  1872  1872 D LightBarController: onNavigationVisibilityChanged : vis = 8018, nbModeChanged = false navigationBarMode = 4
03-16 17:26:03.952  1433  3102 D WindowManager: adjustSystemUiVisibilityLw : vis= 0x8018
03-16 17:26:03.957 31062 31062 D Proxy   : setHttpProxySystemPropertyInternal for uid 1000 The host value is null the port value is null
03-16 17:26:03.957 31062 31062 D Proxy   : setHttpProxySystemPropertyInternal setEnterpriseProxySelector(0) host(null) port(null) username(null) pw(null) xl(null) 
03-16 17:26:03.959  3113  3113 I Launcher: onWindowVisibilityChanged : true
03-16 17:26:03.960  1433  3084 V WindowManager: Relayout Window{ed3dde u0 com.sec.android.app.launcher/com.sec.android.app.launcher.activities.LauncherActivity}: viewVisibility=0 req=1080x2220 WM.LayoutParams{(0,0)(fillxfill) sim=#30 ty=1 fl=#81910d02 pfl=0x20000 fmt=-2 wanim=0x10302ea vsysui=0x700 needsMenuKey=2 colorMode=0 dimDuration=373 naviIconColor=0 sfl=0x40}
03-16 17:26:03.961  1872  1872 D KeyguardUpdateMonitor: handleStatusBarState( false )
03-16 17:26:03.963   715   715 I SurfaceFlinger: id=481 createSurf (1080x2220),1 flag=4, com.sec.android.app.launcher/com.sec.android.app.launcher.activities.LauncherActivity#0
03-16 17:26:03.964  1433  3084 V Surface : sf_framedrop debug : 0x494d, game : false, logging : 0
03-16 17:26:03.964  1433  3084 V WindowManager: rotationForOrientationLw(orient=5, last=0); user=0  sensorRotation=-1 mLidState=-1 mDockMode=0 mHdmiPlugged=false
03-16 17:26:03.968  3113  3113 V Surface : sf_framedrop debug : 0x494d, game : false, logging : 0
03-16 17:26:03.968  3113  3113 D ViewRootImpl@e64c296[LauncherActivity]: Relayout returned: old=[0,0][1080,2220] new=[0,0][1080,2220] result=0x7 surface={valid=true 547463073792} changed=true
03-16 17:26:03.968  3113  3113 D ViewRootImpl@e64c296[LauncherActivity]: mThreadedRenderer.initialize() mSurface={isValid=true 547463073792} hwInitialized=true
03-16 17:26:03.969  1433  1934 D SettingsProvider: isChangeAllowed() : name = overview_last_stack_active_time
03-16 17:26:03.969  1433  1934 D SettingsProvider: edmUri: content://com.sec.knox.provider/RestrictionPolicy3
03-16 17:26:03.969  1433  1934 D SettingsProvider: projectionArgs: isSettingsChangesAllowed
03-16 17:26:03.969  1433  1934 D SettingsProvider: selectionArgs: false
03-16 17:26:03.969  1433  1934 D SettingsProvider: selectionArgs: 10003
03-16 17:26:03.970  1433  1497 D WindowManager: finishDrawingWindow: Window{cb9716b u0 Application Error: org.sagebionetworks.research.bp} mDrawState=DRAW_PENDING
03-16 17:26:03.970  1433  1934 D SecContentProvider: query(), uri = 17 selection = isSettingsChangesAllowed
03-16 17:26:03.970  1433  1497 D ViewRootImpl@18a03e5[bp]: MSG_RESIZED_REPORT: frame=Rect(33, 824 - 1047, 1333) ci=Rect(0, 0 - 0, 0) vi=Rect(0, 0 - 0, 0) or=1
03-16 17:26:03.971  1433  1934 D SecContentProvider: called from android.uid.systemui:10003
03-16 17:26:03.971  1433  1934 D SettingsProvider: ret = -1
03-16 17:26:03.972  3113  3113 I Launcher: onReceive: com.samsung.action.EVERY_MINUTE_CLOCK_UPDATE
03-16 17:26:03.975   715   715 D Layer   : applyEffect ## com.sec.android.app.launcher/com.sec.android.app.launcher.activities.LauncherActivity#0
03-16 17:26:03.975 29824 29824 D [WeatherWidget(15491)]  : {[6C11AF6B4FCB9DCAB4345170D9ED58388CD9E9F96246696E3954D66A9FD1A3E4DAA10D485DBB20A3F4704B27B3F5E43F4134E3C5A1F0C618254B697267E5502E]}
03-16 17:26:03.975   715   715 D Layer   : applyEffect ## animMode=3, target=2, pixType=1
03-16 17:26:03.975   715   715 D Layer   : applyEffect ## pixAnim anim=13, timeMs=0, value=0.00, interp=0
03-16 17:26:03.975   715   715 D Layer   : applyEffect ## pixAnim anim=13, timeMs=373, value=264.00, interp=3
03-16 17:26:03.975   715   715 D Layer   : applyEffect ## pixAnim anim=14, timeMs=0, value=0.00, interp=0
03-16 17:26:03.976   715   715 D Layer   : applyEffect ## pixAnim anim=14, timeMs=373, value=-15.00, interp=3
03-16 17:26:03.976 29824 29824 D [WeatherWidget(15491)]  : {[971E79F21D291F3E25A59066823E6EED10BCAA1C8CD9EAEC01D2931DBDCA1F52]}
03-16 17:26:03.976 29824 29824 D [WeatherWidget(15491)]  : {[3AE6950019B083611567B0F9442DB03E36B37708FCADB7FDDBA670B1362D994454BFFFDA2568816BBDDA6DD60F644DCF]}
03-16 17:26:03.976 29824 29824 D [WeatherWidget(15491)]  : {[7D4F639F77B6855E38C8317E0887AB768887601C4A9B1831B73E028FDBFD770518C7BD333E78F22E99880B176BEE7E556BF0ED5F0260825BC40B929D557D1C18]}
03-16 17:26:03.976 29824 29824 D [WeatherWidget(15491)]  : {[3AE6950019B083611567B0F9442DB03EF4A0ECA9EDEEE1C6764DEF6294C10F4F0BAD60A0CC696E8D15537EBE77D0F441F941FE30DFEB6E45A2BAA0295B86238B6B5477898ADD292C8EB7917680951853]}
03-16 17:26:03.977 29824 29824 D [WeatherWidget(15491)]  : {[A1AF0F6A1A65A89C43D705938923D0FEA558DBC4F14B5A7738C1D8956C37E89074FF4D7C6EE0BC567C3DA47BB2D9FA4AC59A499E4B3FF837FB0392853B022EEBBF36B7B6D4E152C79CAFC2A5BBC521FF4C66E5CB0080B0190047CD92B1E7F2D7D47D718F076464DCB799A3D47D9AE545]}
03-16 17:26:03.977  1433  1935 D SamsungAlarmManager: setInexact Intent (T:1/F:0/AC:false) 20180316T172700 (O:1521246420000/E:3575796/ME:3617816/RI:0) nowELAPSED=3519774 - CU:10091/CP:3113/op:PendingIntent{9c163a4: PendingIntentRecord{1e4f73d com.sec.android.app.launcher broadcastIntent}}
03-16 17:26:03.977  1433  1935 I SamsungAlarmManager: setLocked to kernel - T:3 / 20180316T172659, SetElapsed=3575796, nowELAPSED=3519774
03-16 17:26:03.979  1433  1497 D WindowManager: finishDrawingWindow: Window{cb9716b u0 Application Error: org.sagebionetworks.research.bp} mDrawState=HAS_DRAWN
03-16 17:26:03.979  3113  3113 D AppsDragController: needDeferToBind : true , false
03-16 17:26:03.981 31080 31080 E propClient: PropClient failed to load
03-16 17:26:03.985  1433  1935 D PackageManager: getComponentMetadataForIconTray : org.sagebionetworks.research.bp.BpOverviewActivity does not exist in mServices
03-16 17:26:03.986  1433  1935 D PackageManager: getComponentMetadataForIconTray : org.sagebionetworks.research.bp.BpOverviewActivity does not exist in mProviders
03-16 17:26:03.986  1433  1935 D PackageManager: getComponentMetadataForIconTray : org.sagebionetworks.research.bp.BpOverviewActivity does not exist in mReceivers
03-16 17:26:03.986  1872  1888 I ApplicationPackageManager: load=org.sagebionetworks.research.bp, bg=144-144, dr=126-126, forDefault=true, density=0
03-16 17:26:03.986  1872  1888 I ApplicationPackageManager: scaled rate=201.0, size=126, alpha=0, hold=102
03-16 17:26:03.986  1872  1888 D ApplicationPackageManager: iconScale: getScale(): 201.0 getAlpha(): 0
03-16 17:26:03.987  1872  1888 I ApplicationPackageManager: load=org.sagebionetworks.research.bp-crop, bg=126-126, dr=126-126
03-16 17:26:03.987 31062 31082 D libEGL  : loaded /vendor/lib64/egl/libEGL_adreno.so
03-16 17:26:03.987  1872  1888 I ApplicationPackageManager: load=org.sagebionetworks.research.bp-crop, bg=126-126, dr=126-126
03-16 17:26:03.990  1433  3102 D WindowManager: finishDrawingWindow: Window{ed3dde u0 com.sec.android.app.launcher/com.sec.android.app.launcher.activities.LauncherActivity} mDrawState=DRAW_PENDING
03-16 17:26:03.991  1996  2033 D WallpaperService: dispatchAppVisibility onVisibilityChanged(): true
03-16 17:26:03.991  1996  1996 D GLAnimatorManager: doFrame
03-16 17:26:03.991  1996  1996 D GLAnimatorManager: needKeepUpdate = false
03-16 17:26:03.991  1996  1996 D GLAnimatorManager: needStop = true
03-16 17:26:03.991  1996  1996 D WallpaperService: updateSurface forceRelayout=false redrawNeeded=false myWidth=-1 myHeight=-1 fixedSize=false x = 0 y = 0 mWidth=-1 mHeight=-1
03-16 17:26:03.992  1996  1996 D GalaxyWallpaper: onVisibilityChanged = true, mCurrentMode = HOME
03-16 17:26:03.992  1996  1996 D GyroRender: beginSensing currentMode = HOME
03-16 17:26:03.992  1433  3102 I SensorService: createSensorEventConnection package name com.android.systemui.infinity.GalaxyRenderer
03-16 17:26:03.992  1433  3102 D SensorService: Calling batch handle==21 flags=0 rate=200000000 timeout== 0
03-16 17:26:03.993  1996  2351 D GalaxyWallpaper: onSurfaceChanged()
03-16 17:26:03.993   678  1563 I sensors-hal: batch:151, batch handle 21 
03-16 17:26:03.993   678  1563 I sensors-hal: batch:162, com.samsung.sensor.interrupt_gyro/21, period=200000000, max_latency=0
03-16 17:26:03.993   678  1563 I sensors-hal: batch:171, com.samsung.sensor.interrupt_gyro/21, period=200000000, max_latency=0 request completed
03-16 17:26:03.993   678  1563 I sensors-hal: activate:121, activate handle 21 
03-16 17:26:03.993   678  1563 I sensors-hal: activate:126, com.samsung.sensor.interrupt_gyro/21 en=1
03-16 17:26:03.994  1872  1872 D KeyguardUpdateMonitor: handleStatusBarState( false )
03-16 17:26:03.995 31062 31062 I SmApplication: MARs ver : 2.1, available : true
03-16 17:26:03.995 31062 31062 I SmApplication: MARs ver : 2.1, exist : true
03-16 17:26:03.995 31062 31062 E SmApplication: Initialization took 3ms
03-16 17:26:03.999   678  1563 I sensors-hal: activate:137, com.samsung.sensor.interrupt_gyro/21 en=1 completed
03-16 17:26:03.999  1996  1996 D SensorManager: registerListener :: 21, interrupt_gyro, 200000, 0,  
03-16 17:26:03.999  1996  1996 D GyroRender: beginSensing SENSOR_DELAY_NORMAL
03-16 17:26:03.999  1996  1996 D WallpaperService: reportVisibility onVisibilityChanged visible: true
03-16 17:26:03.999  1996  1996 D WallpaperService: updateSurface forceRelayout=true redrawNeeded=false myWidth=-1 myHeight=-1 fixedSize=false x = 0 y = 0 mWidth=-1 mHeight=-1
03-16 17:26:04.000  1433  3105 D ConnectivityService: filterNetworkStateForUid() uid: 10030 networkInfo: [type: WIFI[] - WIFI, state: CONNECTED/CONNECTED, reason: (unspecified), extra: "S-DH-LAB", failover: false, available: true, roaming: false, metered: false]
03-16 17:26:04.000  1433  3102 V WindowManager: Relayout Window{b2e0b9e u0 com.android.systemui.infinity.InfinityWallpaperBlack}: viewVisibility=0 req=-1x-1 WM.LayoutParams{(0,0)(fillxfill) gr=#800033 ty=2013 fl=#10318 pfl=0x4 fmt=2 wanim=0x103030d colorMode=0 naviIconColor=0 sfl=0x8}
03-16 17:26:04.003  1996  1996 D GLAnimatorManager: doFrame
03-16 17:26:04.004 31062 31062 I SmApplication: MARs ver : 2.1, available : true
03-16 17:26:04.004 31062 31062 I SmApplication: MARs ver : 2.1, exist : true
03-16 17:26:04.004 31062 31062 E SmApplication: Initialization took 1ms
03-16 17:26:04.004 31062 31075 D SmProvider: Query uri = content://com.samsung.android.sm/settings selection = key=?
03-16 17:26:04.005 31085 31085 E propClient: PropClient failed to load
03-16 17:26:04.006 31062 31062 D SALogging: init SALog
03-16 17:26:04.008  1996  1996 D GLAnimatorManager: doFrame
03-16 17:26:04.010  1433  3102 D SamsungAlarmManager: setInexact Intent (T:3/F:0/AC:false) 20180316T172704 (O:3579805/E:3579805/ME:3624804/RI:0) nowELAPSED=3519806 - CU:10030/CP:24479/op:PendingIntent{505c30e: PendingIntentRecord{dcd41b8 com.google.android.gms broadcastIntent}}
03-16 17:26:04.010 31062 31062 D SamsungAnalytics:109037: cf feature is supported
03-16 17:26:04.010 24479 31078 E AppUsageEventWatcher: wrong time range: [1522762477236, 1521246364010)
03-16 17:26:04.013   715   715 I SurfaceFlinger: Display 0 HWC layers:
03-16 17:26:04.013   715   715 I SurfaceFlinger:     type    |    handle    | flag |  format   |   source crop (l,t,r,b)    |         frame       | name 
03-16 17:26:04.013   715   715 I SurfaceFlinger: ------------+--------------+------+-----------+----------------------------+---------------------+------
03-16 17:26:04.013   715   715 I SurfaceFlinger:      Device | 0x7c14d8ca00 | 0002 | RGBA_8888 |   0.0    0.0 1080.0 2220.0 |    0    0 1080 2220 | org.sagebionetworks.research.bp/org.[...]etworks.research.bp.BpMainActivity#0
03-16 17:26:04.013   715   715 I SurfaceFlinger:      Device | 0x7c1723f100 | 0000 | RGBA_8888 |   0.0    0.0   93.0  116.0 |  987  166 1080  282 | #1
03-16 17:26:04.013   715   715 I SurfaceFlinger:      Device | 0x7c1723f680 | 0000 | RGBA_8888 |   0.0    0.0 1026.0  521.0 |   67  838 1011 1317 | Application Error: org.sagebionetworks.research.bp#0
03-16 17:26:04.013   715   715 I SurfaceFlinger:      Device | 0x7c1470ff00 | 0000 | RGBA_8888 |   0.0    0.0 1080.0   63.0 |    0    0 1080   63 | StatusBar#0
03-16 17:26:04.013   715   715 I SurfaceFlinger:      Device | 0x7c147c8000 | 0000 | RGBA_8888 |   0.0    0.0 1080.0  126.0 |    0 2094 1080 2220 | NavigationBar#0
03-16 17:26:04.013   715   715 I SurfaceFlinger:      Device | 0x7c147c8800 | 0000 | RGBA_8888 |   0.0    0.0 1080.0 2220.0 |    0    0 1080 2220 | #0
03-16 17:26:04.013   715   715 I SurfaceFlinger: 
